Turbo Assembler	 Version 4.0	    16/11/21 01:55:02	    Page 1
Lab4.asm



      1	0000			     STSEG SEGMENT PARA	STACK 'Stack'
      2	0000  20*(????)			 DW 32 DUP(?)
      3	0040			     STSEG ENDS
      4
      5	0000			     DSEG SEGMENT PARA 'Data'
      6	      =000D			 CR EQU	0DH
      7	      =000A			 LF EQU	0AH
      8	      =-8000			 MIN EQU -32768
      9	      =7FFF			 MAX EQU 32767
     10
     11	0000				 NUMPAR	LABEL BYTE
     12	0000  14			 MAXLEN	DB 20
     13	0001  ??			 NUMLEN	DB ?
     14	0002  14*(20) 24		 NUMFLD	DB 20 DUP(' '),	'$'
     15
     16	0017				 ARRNUMPAR LABEL BYTE
     17	0017  14			 ARRNUMMAXLEN DB 20
     18	0018  ??			 ARRNUMLEN DB ?
     19	0019  14*(20) 24		 ARRNUMFLD DB 20 DUP(' '), '$'
     20
     21	002E  0A*(????)			 ARRAY DW 10 DUP (?)
     22	0042  0000			 ARRNUM	DW 0
     23
     24	0044  0000			 ARRAY_OFFSET DW 0
     25
     26	0046  8000			 MAXNUM	DW MIN
     27
     28	0048  45 6E 74 65 72 20	61+	 PROMPT	DB 'Enter array	length (max. 10):', '$'
     29	      72 72 61 79 20 6C	65+
     30	      6E 67 74 68 20 28	6D+
     31	      61 78 2E 20 31 30	29+
     32	      3A 24
     33	0066  45 6E 74 65 72 65	64+	 ERRORMSG DB 'Entered number was invalid.', '$'
     34	      20 6E 75 6D 62 65	72+
     35	      20 77 61 73 20 69	6E+
     36	      76 61 6C 69 64 2E	24
     37	0082  4D 61 78 20 6E 75	6D+	 MAXNUMMSG DB 'Max number: ', '$'
     38	      62 65 72 3A 20 24
     39	008F  45 6C 65 6D 65 6E	74+	 SUMMSG	DB 'Elements sum: ', '$'
     40	      73 20 73 75 6D 3A	20+
     41	      24
     42	009E  4E 6F 77 20 65 6E	74+	 ENTERARRAYMSG DB 'Now enter array elements: ',	'$'
     43	      65 72 20 61 72 72	61+
     44	      79 20 65 6C 65 6D	65+
     45	      6E 74 73 3A 20 24
     46	00B9  53 6F 72 74 65 64	20+	 PRINTARRAYMSG DB 'Sorted array: ', '$'
     47	      61 72 72 61 79 3A	20+
     48	      24
     49
     50	00C8  0000			 NUM DW	0
     51	00CA  0000			 SUMH DW 0
     52	00CC  0000			 SUML DW 0
     53	00CE  0001			 POSITION DW 1
     54	00D0  000A			 NUMRADIX DW 10
     55	00D2  0007			 MULTIPLIER DW 7
     56	00D4  00			 ISERROR DB 0
     57	00D5			     DSEG ENDS
Turbo Assembler	 Version 4.0	    16/11/21 01:55:02	    Page 2
Lab4.asm



     58
     59	0000			     CSEG SEGMENT PARA 'Code'
     60	0000				 BEGIN PROC FAR
     61					     ASSUME CS:CSEG, DS:DSEG, SS:STSEG
     62	0000  1E			     PUSH DS
     63	0001  B8 0000			     MOV AX, 0
     64	0004  50			     PUSH AX
     65	0005  B8 0000s			     MOV AX, DSEG
     66	0008  8E D8			     MOV DS, AX
     67
     68	000A				     INPUT:
     69	000A  C6 06 00D4r 00			 MOV ISERROR, 0
     70	000F  E8 0132				 CALL INPUTNUM
     71	0012  80 3E 00D4r 00			 CMP ISERROR, 0
     72	0017  7F F1				 JG INPUT
     73	0019  E8 01C4				 CALL CASTNUM
     74	001C  80 3E 00D4r 00			 CMP ISERROR, 0
     75	0021  7F E7				 JG INPUT
     76	0023  E8 001A				 CALL INPUTARR
     77	0026  80 3E 00D4r 00			 CMP ISERROR, 0
     78	002B  7F DD				 JG INPUT
     79	002D  E8 006E				 CALL FINDMAX
     80	0030  E8 0293				 CALL PRINTMAXNUM
     81	0033  E8 0093				 CALL FINDSUM
     82	0036  E8 0245				 CALL PRINTSUM
     83	0039  E8 00C8				 CALL SORTARRAY
     84	003C  E8 002D				 CALL PRINTARRAY
     85	003F  CB				 RET
     86	0040				 BEGIN ENDP
     87
     88	0040				 INPUTARR PROC NEAR
     89	0040  B4 09			     MOV AH, 09H
     90	0042  BA 009Er			     LEA DX, ENTERARRAYMSG
     91	0045  CD 21			     INT 21H
     92
     93	0047  E8 011A			     CALL NEWLINE
     94
     95	004A  8B 0E 00C8r		     MOV CX, NUM
     96	004E				     PROCESS_ARRNUM:
     97	004E  51				 PUSH CX
     98	004F  E8 0107				 CALL INPUTARRNUM
     99	0052  E8 011C				 CALL CASTARRNUM
    100	0055  A1 0042r				 MOV AX, ARRNUM
    101	0058  8B 1E 0044r			 MOV BX, ARRAY_OFFSET
    102	005C  89 87 002Er			 MOV ARRAY + BX, AX
    103	0060  FF 06 0044r			 INC ARRAY_OFFSET
    104	0064  FF 06 0044r			 INC ARRAY_OFFSET
    105	0068  59				 POP CX
    106	0069  E2 E3				 LOOP PROCESS_ARRNUM
    107	006B  C3			     RET
    108	006C				 INPUTARR ENDP
    109
    110	006C				 PRINTARRAY PROC NEAR
    111	006C  B4 09			     MOV AH, 09H
    112	006E  BA 00B9r			     LEA DX, PRINTARRAYMSG
    113	0071  CD 21			     INT 21H
    114	0073  E8 00EE			     CALL NEWLINE
Turbo Assembler	 Version 4.0	    16/11/21 01:55:02	    Page 3
Lab4.asm



    115
    116	0076  8B 0E 00C8r		     MOV CX, NUM
    117	007A  C7 06 0044r 0000		     MOV ARRAY_OFFSET, 0
    118	0080				     PRINT_ARRNUM:
    119	0080  51				 PUSH CX
    120	0081  8B 1E 0044r			 MOV BX, ARRAY_OFFSET
    121	0085  8B 87 002Er			 MOV AX, ARRAY + BX
    122	0089  A3 0042r				 MOV ARRNUM, AX
    123	008C  E8 01C0				 CALL PRINTARRNUM
    124	008F  E8 00D2				 CALL NEWLINE
    125	0092  FF 06 0044r			 INC ARRAY_OFFSET
    126	0096  FF 06 0044r			 INC ARRAY_OFFSET
    127	009A  59				 POP CX
    128	009B  E2 E3				 LOOP PRINT_ARRNUM
    129	009D  C3			     RET
    130	009E				 PRINTARRAY ENDP
    131
    132	009E				 FINDMAX PROC NEAR
    133	009E  8B 0E 00C8r		     MOV CX, NUM
    134	00A2  C7 06 0044r 0000		     MOV ARRAY_OFFSET, 0
    135	00A8				     CHECK_MAXNUM:
    136	00A8  51				 PUSH CX
    137	00A9  8B 1E 0044r			 MOV BX, ARRAY_OFFSET
    138	00AD  8B 87 002Er			 MOV AX, ARRAY + BX
    139	00B1  A3 0042r				 MOV ARRNUM, AX
    140	00B4  39 06 0046r			 CMP MAXNUM, AX
    141	00B8  7D 03				 JGE FINDMAX_CONTINUE
    142	00BA  A3 0046r				 MOV MAXNUM, AX
    143	00BD					 FINDMAX_CONTINUE:
    144	00BD  FF 06 0044r			     INC ARRAY_OFFSET
    145	00C1  FF 06 0044r			     INC ARRAY_OFFSET
    146	00C5  59				     POP CX
    147	00C6  E2 E0				     LOOP CHECK_MAXNUM
    148	00C8  C3			     RET
    149	00C9				 FINDMAX ENDP
    150
    151	00C9				 FINDSUM PROC NEAR
    152	00C9  8B 0E 00C8r		     MOV CX, NUM
    153	00CD  C7 06 0044r 0000		     MOV ARRAY_OFFSET, 0
    154	00D3				     ADD_SUM:
    155	00D3  51				 PUSH CX
    156	00D4  8B 1E 0044r			 MOV BX, ARRAY_OFFSET
    157	00D8  8B 87 002Er			 MOV AX, ARRAY + BX
    158	00DC  3D 0000				 CMP AX, 0
    159	00DF  7D 0E				 JGE ADD_ARRAYNUM
    160	00E1  F7 D8				 NEG AX
    161	00E3  29 06 00CCr			 SUB SUML, AX
    162	00E7  83 1E 00CAr 00			 SBB SUMH, 0
    163	00EC  EB 0A 90				 JMP ADD_SUM_CONTINUE
    164	00EF					 ADD_ARRAYNUM:
    165	00EF  01 06 00CCr			     ADD SUML, AX
    166	00F3  83 16 00CAr 00			     ADC SUMH, 0
    167	00F8					 ADD_SUM_CONTINUE:
    168	00F8  FF 06 0044r			     INC ARRAY_OFFSET
    169	00FC  FF 06 0044r			     INC ARRAY_OFFSET
    170	0100  59				     POP CX
    171	0101  E2 D0				     LOOP ADD_SUM
Turbo Assembler	 Version 4.0	    16/11/21 01:55:02	    Page 4
Lab4.asm



    172	0103  C3			     RET
    173	0104				 FINDSUM ENDP
    174
    175	0104				 SORTARRAY PROC	NEAR
    176	0104  8B 0E 00C8r		     MOV CX, NUM
    177	0108  C7 06 0044r 0000		     MOV ARRAY_OFFSET, 0
    178	010E				     BUBBLE_SORT:
    179	010E  51				 PUSH CX
    180	010F  8B 0E 00C8r			 MOV CX, NUM
    181	0113  49				 DEC CX
    182	0114  C7 06 0044r 0000			 MOV ARRAY_OFFSET, 0
    183	011A					 BUBBLE_SORT_INNER:
    184	011A  8B 1E 0044r			     MOV BX, ARRAY_OFFSET
    185	011E  8B 87 002Er			     MOV AX, ARRAY + BX
    186	0122  43				     INC BX
    187	0123  43				     INC BX
    188	0124  8B 97 002Er			     MOV DX, ARRAY + BX
    189	0128  3B C2				     CMP AX, DX
    190	012A  7E 0A				     JLE SORT_CONTINUE
    191	012C  89 87 002Er			     MOV ARRAY + BX, AX
    192	0130  4B				     DEC BX
    193	0131  4B				     DEC BX
    194	0132  89 97 002Er			     MOV ARRAY + BX, DX
    195	0136					     SORT_CONTINUE:
    196	0136  FF 06 0044r				 INC ARRAY_OFFSET
    197	013A  FF 06 0044r				 INC ARRAY_OFFSET
    198	013E  E2 DA					 LOOP BUBBLE_SORT_INNER
    199	0140  59				 POP CX
    200	0141  E2 CB				 LOOP BUBBLE_SORT
    201	0143  C3			     RET
    202	0144				 SORTARRAY ENDP
    203
    204	0144				 INPUTNUM PROC NEAR
    205	0144  B4 09			     MOV AH, 09H
    206	0146  BA 0048r			     LEA DX, PROMPT
    207	0149  CD 21			     INT 21H
    208
    209	014B  E8 0016			     CALL NEWLINE
    210
    211	014E  B4 0A			     MOV AH, 0AH
    212	0150  BA 0000r			     LEA DX, NUMPAR
    213	0153  CD 21			     INT 021H
    214
    215	0155  E8 000C			     CALL NEWLINE
    216	0158  C3			     RET
    217	0159				 INPUTNUM ENDP
    218
    219	0159				 INPUTARRNUM PROC NEAR
    220	0159  B4 0A			     MOV AH, 0AH
    221	015B  BA 0017r			     LEA DX, ARRNUMPAR
    222	015E  CD 21			     INT 021H
    223
    224	0160  E8 0001			     CALL NEWLINE
    225	0163  C3			     RET
    226	0164				 INPUTARRNUM ENDP
    227
    228	0164				 NEWLINE PROC NEAR
Turbo Assembler	 Version 4.0	    16/11/21 01:55:02	    Page 5
Lab4.asm



    229	0164  B2 0D			     MOV DL, CR
    230	0166  B4 02			     MOV AH, 02H
    231	0168  CD 21			     INT 21H
    232	016A  B2 0A			     MOV DL, LF
    233	016C  B4 02			     MOV AH, 02H
    234	016E  CD 21			     INT 21H
    235	0170  C3			     RET
    236	0171				 NEWLINE ENDP
    237
    238	0171				 CASTARRNUM PROC NEAR
    239	0171  C7 06 0042r 0000		     MOV ARRNUM, 0
    240	0177  C7 06 00CEr 0001		     MOV POSITION, 01H
    241	017D  B5 00			     MOV CH, 0
    242	017F  8A 0E 0018r		     MOV CL, ARRNUMLEN
    243	0183  8B D9			     MOV BX, CX
    244	0185  4B			     DEC BX
    245	0186  BE 0019r			     LEA SI, ARRNUMFLD
    246	0189  8B 04			     MOV AX, [SI]
    247	018B  3C 2D			     CMP AL, '-'
    248	018D  75 01			     JNE PROCESS_DIGIT_CASTARRNUM
    249	018F  49			     DEC CX
    250	0190				     PROCESS_DIGIT_CASTARRNUM:
    251	0190  B4 00				 MOV AH, 0
    252	0192  8A 00				 MOV AL, [SI + BX]
    253	0194  3C 30				 CMP AL, 030H
    254	0196  7C 3F				 JL RETURNERR_CASTARRNUM
    255	0198  3C 39				 CMP AL, 039H
    256	019A  7F 3B				 JG RETURNERR_CASTARRNUM
    257	019C  2C 30				 SUB AL, 030H
    258	019E  F7 2E 00CEr			 IMUL POSITION
    259	01A2  70 33				 JO RETURNERR_CASTARRNUM
    260	01A4  01 06 0042r			 ADD ARRNUM, AX
    261	01A8  71 0E				 JNO NEXT_CASTARRNUM
    262	01AA  81 3E 0042r 8000			 CMP ARRNUM, MIN
    263	01B0  75 25				 JNE RETURNERR_CASTARRNUM
    264	01B2  8B 04				 MOV AX, [SI]
    265	01B4  3C 2D				 CMP AL, '-'
    266	01B6  75 1F				 JNE RETURNERR_CASTARRNUM
    267	01B8					 NEXT_CASTARRNUM:
    268	01B8  4B				     DEC BX
    269	01B9  83 F9 01				     CMP CX, 1
    270	01BC  74 0E				     JE	PRERETURN_CASTARRNUM
    271	01BE  A1 00CEr				     MOV AX, POSITION
    272	01C1  F7 2E 00D0r			     IMUL NUMRADIX
    273	01C5  70 10				     JO	RETURNERR_CASTARRNUM
    274	01C7  A3 00CEr				     MOV POSITION, AX
    275	01CA  E2 C4				     LOOP PROCESS_DIGIT_CASTARRNUM
    276	01CC					     PRERETURN_CASTARRNUM:
    277	01CC  8B 04				 MOV AX, [SI]
    278	01CE  3C 2D				 CMP AL, '-'
    279	01D0  75 04				 JNE RETURN_CASTARRNUM
    280	01D2  F7 1E 0042r			 NEG ARRNUM
    281	01D6				     RETURN_CASTARRNUM:
    282	01D6  C3				 RET
    283	01D7				     RETURNERR_CASTARRNUM:
    284	01D7  E8 0125				 CALL PRINTERR
    285	01DA  C6 06 00D4r 01			 MOV ISERROR, 01H
Turbo Assembler	 Version 4.0	    16/11/21 01:55:02	    Page 6
Lab4.asm



    286	01DF  C3				 RET
    287	01E0				     CASTARRNUM	ENDP
    288
    289	01E0				 CASTNUM PROC NEAR
    290	01E0  C7 06 00C8r 0000		     MOV NUM, 0
    291	01E6  C7 06 00CEr 0001		     MOV POSITION, 01H
    292	01EC  B5 00			     MOV CH, 0
    293	01EE  8A 0E 0001r		     MOV CL, NUMLEN
    294	01F2  8B D9			     MOV BX, CX
    295	01F4  4B			     DEC BX
    296	01F5  BE 0002r			     LEA SI, NUMFLD
    297	01F8  8B 04			     MOV AX, [SI]
    298	01FA  3C 2D			     CMP AL, '-'
    299	01FC  75 01			     JNE PROCESS_DIGIT
    300	01FE  49			     DEC CX
    301	01FF				     PROCESS_DIGIT:
    302	01FF  B4 00				 MOV AH, 0
    303	0201  8A 00				 MOV AL, [SI + BX]
    304	0203  3C 30				 CMP AL, 030H
    305	0205  7C 3F				 JL RETURNERR
    306	0207  3C 39				 CMP AL, 039H
    307	0209  7F 3B				 JG RETURNERR
    308	020B  2C 30				 SUB AL, 030H
    309	020D  F7 2E 00CEr			 IMUL POSITION
    310	0211  70 33				 JO RETURNERR
    311	0213  01 06 00C8r			 ADD NUM, AX
    312	0217  71 0E				 JNO NEXT
    313	0219  81 3E 00C8r 8000			 CMP NUM, MIN
    314	021F  75 25				 JNE RETURNERR
    315	0221  8B 04				 MOV AX, [SI]
    316	0223  3C 2D				 CMP AL, '-'
    317	0225  75 1F				 JNE RETURNERR
    318	0227					 NEXT:
    319	0227  4B				     DEC BX
    320	0228  83 F9 01				     CMP CX, 1
    321	022B  74 0E				     JE	PRERETURN
    322	022D  A1 00CEr				     MOV AX, POSITION
    323	0230  F7 2E 00D0r			     IMUL NUMRADIX
    324	0234  70 10				     JO	RETURNERR
    325	0236  A3 00CEr				     MOV POSITION, AX
    326	0239  E2 C4				     LOOP PROCESS_DIGIT
    327	023B				     PRERETURN:
    328	023B  8B 04				 MOV AX, [SI]
    329	023D  3C 2D				 CMP AL, '-'
    330	023F  75 04				 JNE RETURN
    331	0241  F7 1E 00C8r			 NEG NUM
    332	0245				     RETURN:
    333	0245  C3				 RET
    334	0246				     RETURNERR:
    335	0246  E8 00B6				 CALL PRINTERR
    336	0249  C6 06 00D4r 01			 MOV ISERROR, 01H
    337	024E  C3				 RET
    338	024F				 CASTNUM ENDP
    339
    340	024F				 PRINTARRNUM PROC NEAR
    341	024F  83 3E 0042r 00		     CMP ARRNUM, 0
    342	0254  7D 08			     JGE M1_PRINTARRNUM
Turbo Assembler	 Version 4.0	    16/11/21 01:55:02	    Page 7
Lab4.asm



    343	0256  B0 2D			     MOV AL, '-'
    344	0258  CD 29			     INT 29H
    345	025A  F7 1E 0042r		     NEG ARRNUM
    346	025E				     M1_PRINTARRNUM:
    347	025E  B9 0000				 MOV CX, 0
    348	0261  BB 000A				 MOV BX, 0AH
    349	0264  BA 0000				 MOV DX, 0
    350	0267  A1 0042r				 MOV AX, ARRNUM
    351	026A				     M2_PRINTARRNUM:
    352	026A  F7 FB				 IDIV BX
    353	026C  80 CA 30				 OR DL,	030H
    354	026F  52				 PUSH DX
    355	0270  41				 INC CX
    356	0271  BA 0000				 MOV DX, 0
    357	0274  85 C0				 TEST AX, AX
    358	0276  75 F2				 JNZ M2_PRINTARRNUM
    359	0278				     M3_PRINTARRNUM:
    360	0278  58				 POP AX
    361	0279  CD 29				 INT 029H
    362	027B  E2 FB				 LOOP M3_PRINTARRNUM
    363	027D  C3			     RET
    364	027E				 PRINTARRNUM ENDP
    365
    366	027E				 PRINTSUM PROC NEAR
    367	027E  B4 09			     MOV AH, 09H
    368	0280  BA 008Fr			     LEA DX, SUMMSG
    369	0283  CD 21			     INT 21H
    370
    371	0285  83 3E 00CAr 00		     CMP SUMH, 0
    372	028A  7D 16			     JGE M1
    373	028C  B0 2D			     MOV AL, '-'
    374	028E  CD 29			     INT 29H
    375	0290  F7 16 00CAr		     NOT SUMH
    376	0294  F7 16 00CCr		     NOT SUML
    377	0298  83 06 00CCr 01		     ADD SUML, 01H
    378	029D  83 16 00CAr 00		     ADC SUMH, 0
    379	02A2				     M1:
    380	02A2  B9 0000				 MOV CX, 0
    381	02A5  BB 000A				 MOV BX, 0AH
    382	02A8  8B 16 00CAr			 MOV DX, SUMH
    383	02AC  A1 00CCr				 MOV AX, SUML
    384	02AF				     M2:
    385	02AF  F7 FB				 IDIV BX
    386	02B1  80 CA 30				 OR DL,	030H
    387	02B4  52				 PUSH DX
    388	02B5  41				 INC CX
    389	02B6  BA 0000				 MOV DX, 0
    390	02B9  85 C0				 TEST AX, AX
    391	02BB  75 F2				 JNZ M2
    392	02BD				     M3:
    393	02BD  58				 POP AX
    394	02BE  CD 29				 INT 029H
    395	02C0  E2 FB				 LOOP M3
    396	02C2  E8 FE9F			     CALL NEWLINE
    397	02C5  C3			     RET
    398	02C6				 PRINTSUM ENDP
    399
Turbo Assembler	 Version 4.0	    16/11/21 01:55:02	    Page 8
Lab4.asm



    400	02C6				 PRINTMAXNUM PROC NEAR
    401	02C6  B4 09			     MOV AH, 09H
    402	02C8  BA 0082r			     LEA DX, MAXNUMMSG
    403	02CB  CD 21			     INT 21H
    404
    405	02CD  83 3E 0046r 00		     CMP MAXNUM, 0
    406	02D2  7D 08			     JGE M1_PRINTMAXNUM
    407	02D4  B0 2D			     MOV AL, '-'
    408	02D6  CD 29			     INT 29H
    409	02D8  F7 1E 0046r		     NEG MAXNUM
    410	02DC				     M1_PRINTMAXNUM:
    411	02DC  B9 0000				 MOV CX, 0
    412	02DF  BB 000A				 MOV BX, 0AH
    413	02E2  BA 0000				 MOV DX, 0
    414	02E5  A1 0046r				 MOV AX, MAXNUM
    415	02E8				     M2_PRINTMAXNUM:
    416	02E8  F7 FB				 IDIV BX
    417	02EA  80 CA 30				 OR DL,	030H
    418	02ED  52				 PUSH DX
    419	02EE  41				 INC CX
    420	02EF  BA 0000				 MOV DX, 0
    421	02F2  85 C0				 TEST AX, AX
    422	02F4  75 F2				 JNZ M2_PRINTMAXNUM
    423	02F6				     M3_PRINTMAXNUM:
    424	02F6  58				 POP AX
    425	02F7  CD 29				 INT 029H
    426	02F9  E2 FB				 LOOP M3_PRINTMAXNUM
    427	02FB  E8 FE66			     CALL NEWLINE
    428	02FE  C3			     RET
    429	02FF				 PRINTMAXNUM ENDP
    430
    431	02FF				 PRINTERR PROC NEAR
    432	02FF  B4 09			     MOV AH, 09H
    433	0301  BA 0066r			     LEA DX, ERRORMSG
    434	0304  CD 21			     INT 021H
    435	0306  E8 FE5B			     CALL NEWLINE
    436	0309  C3			     RET
    437	030A				 PRINTERR ENDP
    438	030A			     CSEG ENDS
    439				     END BEGIN
Turbo Assembler	 Version 4.0	    16/11/21 01:55:02	    Page 9
Symbol Table




Symbol Name			  Type	 Value

??DATE				  Text	 "16/11/21"
??FILENAME			  Text	 "Lab4	  "
??TIME				  Text	 "01:55:02"
??VERSION			  Number 0400
@CPU				  Text	 0101H
@CURSEG				  Text	 CSEG
@FILENAME			  Text	 LAB4
@WORDSIZE			  Text	 2
ADD_ARRAYNUM			  Near	 CSEG:00EF
ADD_SUM				  Near	 CSEG:00D3
ADD_SUM_CONTINUE		  Near	 CSEG:00F8
ARRAY				  Word	 DSEG:002E
ARRAY_OFFSET			  Word	 DSEG:0044
ARRNUM				  Word	 DSEG:0042
ARRNUMFLD			  Byte	 DSEG:0019
ARRNUMLEN			  Byte	 DSEG:0018
ARRNUMMAXLEN			  Byte	 DSEG:0017
ARRNUMPAR			  Byte	 DSEG:0017
BEGIN				  Far	 CSEG:0000
BUBBLE_SORT			  Near	 CSEG:010E
BUBBLE_SORT_INNER		  Near	 CSEG:011A
CASTARRNUM			  Near	 CSEG:0171
CASTNUM				  Near	 CSEG:01E0
CHECK_MAXNUM			  Near	 CSEG:00A8
CR				  Number 000D
ENTERARRAYMSG			  Byte	 DSEG:009E
ERRORMSG			  Byte	 DSEG:0066
FINDMAX				  Near	 CSEG:009E
FINDMAX_CONTINUE		  Near	 CSEG:00BD
FINDSUM				  Near	 CSEG:00C9
INPUT				  Near	 CSEG:000A
INPUTARR			  Near	 CSEG:0040
INPUTARRNUM			  Near	 CSEG:0159
INPUTNUM			  Near	 CSEG:0144
ISERROR				  Byte	 DSEG:00D4
LF				  Number 000A
M1				  Near	 CSEG:02A2
M1_PRINTARRNUM			  Near	 CSEG:025E
M1_PRINTMAXNUM			  Near	 CSEG:02DC
M2				  Near	 CSEG:02AF
M2_PRINTARRNUM			  Near	 CSEG:026A
M2_PRINTMAXNUM			  Near	 CSEG:02E8
M3				  Near	 CSEG:02BD
M3_PRINTARRNUM			  Near	 CSEG:0278
M3_PRINTMAXNUM			  Near	 CSEG:02F6
MAX				  Number 7FFF
MAXLEN				  Byte	 DSEG:0000
MAXNUM				  Word	 DSEG:0046
MAXNUMMSG			  Byte	 DSEG:0082
MIN				  Number -8000
MULTIPLIER			  Word	 DSEG:00D2
NEWLINE				  Near	 CSEG:0164
NEXT				  Near	 CSEG:0227
NEXT_CASTARRNUM			  Near	 CSEG:01B8
Turbo Assembler	 Version 4.0	    16/11/21 01:55:02	    Page 10
Symbol Table



NUM				  Word	 DSEG:00C8
NUMFLD				  Byte	 DSEG:0002
NUMLEN				  Byte	 DSEG:0001
NUMPAR				  Byte	 DSEG:0000
NUMRADIX			  Word	 DSEG:00D0
POSITION			  Word	 DSEG:00CE
PRERETURN			  Near	 CSEG:023B
PRERETURN_CASTARRNUM		  Near	 CSEG:01CC
PRINTARRAY			  Near	 CSEG:006C
PRINTARRAYMSG			  Byte	 DSEG:00B9
PRINTARRNUM			  Near	 CSEG:024F
PRINTERR			  Near	 CSEG:02FF
PRINTMAXNUM			  Near	 CSEG:02C6
PRINTSUM			  Near	 CSEG:027E
PRINT_ARRNUM			  Near	 CSEG:0080
PROCESS_ARRNUM			  Near	 CSEG:004E
PROCESS_DIGIT			  Near	 CSEG:01FF
PROCESS_DIGIT_CASTARRNUM	  Near	 CSEG:0190
PROMPT				  Byte	 DSEG:0048
RETURN				  Near	 CSEG:0245
RETURNERR			  Near	 CSEG:0246
RETURNERR_CASTARRNUM		  Near	 CSEG:01D7
RETURN_CASTARRNUM		  Near	 CSEG:01D6
SORTARRAY			  Near	 CSEG:0104
SORT_CONTINUE			  Near	 CSEG:0136
SUMH				  Word	 DSEG:00CA
SUML				  Word	 DSEG:00CC
SUMMSG				  Byte	 DSEG:008F

Groups & Segments		  Bit Size Align  Combine Class

CSEG				  16  030A Para	  none	  CODE
DSEG				  16  00D5 Para	  none	  DATA
STSEG				  16  0040 Para	  Stack	  STACK
