Turbo Assembler	 Version 4.0	    01/12/21 01:59:35	    Page 1
lab4.asm



      1				     INCLUDE MACRO.LIB
1     2				     INIT MACRO	CSEG, DSEG, STSEG
1     3					 ASSUME	CS:CSEG, DS:DSEG, SS:STSEG
1     4					 PUSH DS
1     5					 MOV AX, 0
1     6					 PUSH AX
1     7					 MOV AX, DSEG
1     8					 MOV DS, AX
1     9				     ENDM
1    10
1    11				     NEWLINE MACRO
1    12					 MOV DL, 0DH
1    13					 MOV AH, 02H
1    14					 INT 21H
1    15					 MOV DL, 0AH
1    16					 MOV AH, 02H
1    17					 INT 21H
1    18				     ENDM
1    19
1    20				     DOS21 MACRO MSG
1    21					 MOV AH, 09H
1    22					 LEA DX, MSG
1    23					 INT 021H
1    24				     ENDM
1    25
1    26				     PRINTNUM MACRO NUM
1    27					 LOCAL M1, M2, M3
1    28					     CMP NUM, 0
1    29					     JGE M1
1    30					     MOV AL, '-'
1    31					     INT 29H
1    32					     NEG NUM
1    33					     M1:
1    34						 MOV CX, 0
1    35						 MOV BX, 0AH
1    36						 MOV DX, 0
1    37						 MOV AX, NUM
1    38					     M2:
1    39						 IDIV BX
1    40						 OR DL,	030H
1    41						 PUSH DX
1    42						 INC CX
1    43						 MOV DX, 0
1    44						 TEST AX, AX
1    45						 JNZ M2
1    46					     M3:
1    47						 POP AX
1    48						 INT 029H
1    49						 LOOP M3
1    50				     ENDM
     51
     52	0000			     STSEG SEGMENT PARA	STACK 'Stack'
     53	0000  20*(????)			 DW 32 DUP(?)
     54	0040			     STSEG ENDS
     55
     56	0000			     DSEG SEGMENT PARA 'Data'
     57	      =-8000			 MIN EQU -32768
Turbo Assembler	 Version 4.0	    01/12/21 01:59:35	    Page 2
lab4.asm



     58	      =7FFF			 MAX EQU 32767
     59
     60	0000  45 6E 74 65 72 20	61+	 PROMPT	DB 'Enter array	length (max. 10):', '$'
     61	      72 72 61 79 20 6C	65+
     62	      6E 67 74 68 20 28	6D+
     63	      61 78 2E 20 31 30	29+
     64	      3A 24
     65	001E  45 6E 74 65 72 65	64+	 ERRORMSG DB 'Entered number was invalid.', '$'
     66	      20 6E 75 6D 62 65	72+
     67	      20 77 61 73 20 69	6E+
     68	      76 61 6C 69 64 2E	24
     69	003A  4D 61 78 20 6E 75	6D+	 MAXNUMMSG DB 'Max number: ', '$'
     70	      62 65 72 3A 20 24
     71	0047  45 6C 65 6D 65 6E	74+	 SUMMSG	DB 'Elements sum: ', '$'
     72	      73 20 73 75 6D 3A	20+
     73	      24
     74	0056  4E 6F 77 20 65 6E	74+	 ENTERARRAYMSG DB 'Now enter array elements: ',	'$'
     75	      65 72 20 61 72 72	61+
     76	      79 20 65 6C 65 6D	65+
     77	      6E 74 73 3A 20 24
     78	0071  53 6F 72 74 65 64	20+	 PRINTARRAYMSG DB 'Sorted array: ', '$'
     79	      61 72 72 61 79 3A	20+
     80	      24
     81
     82	0080				 NUMPAR	LABEL BYTE
     83	0080  14			 MAXLEN	DB 20
     84	0081  ??			 NUMLEN	DB ?
     85	0082  14*(20) 24		 NUMFLD	DB 20 DUP(' '),	'$'
     86
     87	0097				 ARRNUMPAR LABEL BYTE
     88	0097  14			 ARRNUMMAXLEN DB 20
     89	0098  ??			 ARRNUMLEN DB ?
     90	0099  14*(20) 24		 ARRNUMFLD DB 20 DUP(' '), '$'
     91
     92	00AE  0000			 NUM DW	0
     93
     94	00B0  0A*(????)			 ARRAY DW 10 DUP (?)
     95	00C4  0000			 ARRNUM	DW 0
     96
     97	00C6  0000			 ARRAY_OFFSET DW 0
     98
     99	00C8  8000			 MAXNUM	DW MIN
    100	00CA  0000			 SUMH DW 0
    101	00CC  0000			 SUML DW 0
    102
    103	00CE  0001			 POSITION DW 1
    104	00D0  000A			 NUMRADIX DW 10
    105	00D2  0007			 MULTIPLIER DW 7
    106	00D4  00			 ISERROR DB 0
    107	00D5			     DSEG ENDS
    108
    109	0000			     CSEG SEGMENT PARA 'Code'
    110	0000				 BEGIN PROC FAR
    111					     INIT CSEG,	DSEG, STSEG ; MACRO
1   112	0000  1E			 PUSH DS
1   113	0001  B8 0000			 MOV AX, 0
1   114	0004  50			 PUSH AX
Turbo Assembler	 Version 4.0	    01/12/21 01:59:35	    Page 3
lab4.asm



1   115	0005  B8 0000s			 MOV AX, DSEG
1   116	0008  8E D8			 MOV DS, AX
    117
    118	000A				     INPUT_NUM:
    119	000A  C6 06 00D4r 00			 MOV ISERROR, 0
    120	000F  E8 006A				 CALL INPUTNUM
    121	0012  E8 01C8				 CALL CASTNUM
    122	0015  80 3E 00D4r 00			 CMP ISERROR, 0
    123	001A  7F EE				 JG INPUT_NUM
    124	001C					 INPUT_ARR:
    125	001C  C6 06 00D4r 00			     MOV ISERROR, 0
    126	0021  E8 007F				     CALL INPUTARR
    127	0024  80 3E 00D4r 00			     CMP ISERROR, 0
    128	0029  7F F1				     JG	INPUT_ARR
    129	002B  E8 0217				     CALL FINDMAX
    130						     DOS21 MAXNUMMSG ; MACRO
1   131	002E  B4 09			 MOV AH, 09H
1   132	0030  BA 003Ar			 LEA DX, MAXNUMMSG
1   133	0033  CD 21			 INT 021H
    134						     PRINTNUM MAXNUM ; MACRO
1   135	0035  83 3E 00C8r 00		     CMP MAXNUM, 0
1   136	003A  7D 08			     JGE ??0000
1   137	003C  B0 2D			     MOV AL, '-'
1   138	003E  CD 29			     INT 29H
1   139	0040  F7 1E 00C8r		     NEG MAXNUM
1   140	0044				     ??0000:
1   141	0044  B9 0000				 MOV CX, 0
1   142	0047  BB 000A				 MOV BX, 0AH
1   143	004A  BA 0000				 MOV DX, 0
1   144	004D  A1 00C8r				 MOV AX, MAXNUM
1   145	0050				     ??0001:
1   146	0050  F7 FB				 IDIV BX
1   147	0052  80 CA 30				 OR DL,	030H
1   148	0055  52				 PUSH DX
1   149	0056  41				 INC CX
1   150	0057  BA 0000				 MOV DX, 0
1   151	005A  85 C0				 TEST AX, AX
1   152	005C  75 F2				 JNZ ??0001
1   153	005E				     ??0002:
1   154	005E  58				 POP AX
1   155	005F  CD 29				 INT 029H
1   156	0061  E2 FB				 LOOP ??0002
    157						     NEWLINE ; MACRO
1   158	0063  B2 0D			 MOV DL, 0DH
1   159	0065  B4 02			 MOV AH, 02H
1   160	0067  CD 21			 INT 21H
1   161	0069  B2 0A			 MOV DL, 0AH
1   162	006B  B4 02			 MOV AH, 02H
1   163	006D  CD 21			 INT 21H
    164	006F  E8 01FE				     CALL FINDSUM
    165	0072  E8 027B				     CALL PRINTSUM
    166	0075  E8 0233				     CALL SORTARRAY
    167	0078  E8 0080				     CALL PRINTARRAY
    168	007B  CB				     RET
    169	007C				 BEGIN ENDP
    170
    171	007C				 INPUTNUM PROC NEAR
Turbo Assembler	 Version 4.0	    01/12/21 01:59:35	    Page 4
lab4.asm



    172					     DOS21 PROMPT ; MACRO
1   173	007C  B4 09			 MOV AH, 09H
1   174	007E  BA 0000r			 LEA DX, PROMPT
1   175	0081  CD 21			 INT 021H
    176
    177					     NEWLINE ; MACRO
1   178	0083  B2 0D			 MOV DL, 0DH
1   179	0085  B4 02			 MOV AH, 02H
1   180	0087  CD 21			 INT 21H
1   181	0089  B2 0A			 MOV DL, 0AH
1   182	008B  B4 02			 MOV AH, 02H
1   183	008D  CD 21			 INT 21H
    184
    185	008F  B4 0A			     MOV AH, 0AH
    186	0091  BA 0080r			     LEA DX, NUMPAR
    187	0094  CD 21			     INT 021H
    188
    189					     NEWLINE ; MACRO
1   190	0096  B2 0D			 MOV DL, 0DH
1   191	0098  B4 02			 MOV AH, 02H
1   192	009A  CD 21			 INT 21H
1   193	009C  B2 0A			 MOV DL, 0AH
1   194	009E  B4 02			 MOV AH, 02H
1   195	00A0  CD 21			 INT 21H
    196	00A2  C3			     RET
    197	00A3				 INPUTNUM ENDP
    198
    199	00A3				 INPUTARR PROC NEAR
    200	00A3  B4 09			     MOV AH, 09H
    201	00A5  BA 0056r			     LEA DX, ENTERARRAYMSG
    202	00A8  CD 21			     INT 21H
    203					     NEWLINE ; MACRO
1   204	00AA  B2 0D			 MOV DL, 0DH
1   205	00AC  B4 02			 MOV AH, 02H
1   206	00AE  CD 21			 INT 21H
1   207	00B0  B2 0A			 MOV DL, 0AH
1   208	00B2  B4 02			 MOV AH, 02H
1   209	00B4  CD 21			 INT 21H
    210	00B6  8B 0E 00AEr		     MOV CX, NUM
    211	00BA  C7 06 00C6r 0000		     MOV ARRAY_OFFSET, 0
    212	00C0				     PROCESS_ARRNUM:
    213	00C0  51				 PUSH CX
    214	00C1  E8 0023				 CALL INPUTARRNUM
    215	00C4  E8 00A3				 CALL CASTARRNUM
    216	00C7  80 3E 00D4r 00			 CMP ISERROR, 0
    217	00CC  7F 17				 JG RETURNERR_INPUTARR
    218	00CE  A1 00C4r				 MOV AX, ARRNUM
    219	00D1  8B 1E 00C6r			 MOV BX, ARRAY_OFFSET
    220	00D5  89 87 00B0r			 MOV ARRAY + BX, AX
    221	00D9  FF 06 00C6r			 INC ARRAY_OFFSET
    222	00DD  FF 06 00C6r			 INC ARRAY_OFFSET
    223	00E1  59				 POP CX
    224	00E2  E2 DC				 LOOP PROCESS_ARRNUM
    225	00E4  C3				 RET
    226	00E5				     RETURNERR_INPUTARR:
    227	00E5  59				 POP CX
    228	00E6  C3				 RET
Turbo Assembler	 Version 4.0	    01/12/21 01:59:35	    Page 5
lab4.asm



    229	00E7				 INPUTARR ENDP
    230
    231	00E7				 INPUTARRNUM PROC NEAR
    232	00E7  B4 0A			     MOV AH, 0AH
    233	00E9  BA 0097r			     LEA DX, ARRNUMPAR
    234	00EC  CD 21			     INT 021H
    235
    236					     NEWLINE ; MACRO
1   237	00EE  B2 0D			 MOV DL, 0DH
1   238	00F0  B4 02			 MOV AH, 02H
1   239	00F2  CD 21			 INT 21H
1   240	00F4  B2 0A			 MOV DL, 0AH
1   241	00F6  B4 02			 MOV AH, 02H
1   242	00F8  CD 21			 INT 21H
    243	00FA  C3			     RET
    244	00FB				 INPUTARRNUM ENDP
    245
    246	00FB				 PRINTARRAY PROC NEAR
    247					     DOS21 PRINTARRAYMSG ; MACRO
1   248	00FB  B4 09			 MOV AH, 09H
1   249	00FD  BA 0071r			 LEA DX, PRINTARRAYMSG
1   250	0100  CD 21			 INT 021H
    251					     NEWLINE ; MACRO
1   252	0102  B2 0D			 MOV DL, 0DH
1   253	0104  B4 02			 MOV AH, 02H
1   254	0106  CD 21			 INT 21H
1   255	0108  B2 0A			 MOV DL, 0AH
1   256	010A  B4 02			 MOV AH, 02H
1   257	010C  CD 21			 INT 21H
    258
    259	010E  8B 0E 00AEr		     MOV CX, NUM
    260	0112  C7 06 00C6r 0000		     MOV ARRAY_OFFSET, 0
    261	0118				     PRINT_ARRNUM:
    262	0118  51				 PUSH CX
    263	0119  8B 1E 00C6r			 MOV BX, ARRAY_OFFSET
    264	011D  8B 87 00B0r			 MOV AX, ARRAY + BX
    265	0121  A3 00C4r				 MOV ARRNUM, AX
    266						 PRINTNUM ARRNUM ; MACRO
1   267	0124  83 3E 00C4r 00		     CMP ARRNUM, 0
1   268	0129  7D 08			     JGE ??0003
1   269	012B  B0 2D			     MOV AL, '-'
1   270	012D  CD 29			     INT 29H
1   271	012F  F7 1E 00C4r		     NEG ARRNUM
1   272	0133				     ??0003:
1   273	0133  B9 0000				 MOV CX, 0
1   274	0136  BB 000A				 MOV BX, 0AH
1   275	0139  BA 0000				 MOV DX, 0
1   276	013C  A1 00C4r				 MOV AX, ARRNUM
1   277	013F				     ??0004:
1   278	013F  F7 FB				 IDIV BX
1   279	0141  80 CA 30				 OR DL,	030H
1   280	0144  52				 PUSH DX
1   281	0145  41				 INC CX
1   282	0146  BA 0000				 MOV DX, 0
1   283	0149  85 C0				 TEST AX, AX
1   284	014B  75 F2				 JNZ ??0004
1   285	014D				     ??0005:
Turbo Assembler	 Version 4.0	    01/12/21 01:59:35	    Page 6
lab4.asm



1   286	014D  58				 POP AX
1   287	014E  CD 29				 INT 029H
1   288	0150  E2 FB				 LOOP ??0005
    289						 NEWLINE ; MACRO
1   290	0152  B2 0D			 MOV DL, 0DH
1   291	0154  B4 02			 MOV AH, 02H
1   292	0156  CD 21			 INT 21H
1   293	0158  B2 0A			 MOV DL, 0AH
1   294	015A  B4 02			 MOV AH, 02H
1   295	015C  CD 21			 INT 21H
    296	015E  FF 06 00C6r			 INC ARRAY_OFFSET
    297	0162  FF 06 00C6r			 INC ARRAY_OFFSET
    298	0166  59				 POP CX
    299	0167  E2 AF				 LOOP PRINT_ARRNUM
    300	0169  C3			     RET
    301	016A				 PRINTARRAY ENDP
    302
    303	016A				 CASTARRNUM PROC NEAR
    304	016A  C7 06 00C4r 0000		     MOV ARRNUM, 0
    305	0170  C7 06 00CEr 0001		     MOV POSITION, 01H
    306	0176  B5 00			     MOV CH, 0
    307	0178  8A 0E 0098r		     MOV CL, ARRNUMLEN
    308	017C  8B D9			     MOV BX, CX
    309	017E  4B			     DEC BX
    310	017F  BE 0099r			     LEA SI, ARRNUMFLD
    311	0182  8B 04			     MOV AX, [SI]
    312	0184  3C 2D			     CMP AL, '-'
    313	0186  75 01			     JNE PROCESS_DIGIT_CASTARRNUM
    314	0188  49			     DEC CX
    315	0189				     PROCESS_DIGIT_CASTARRNUM:
    316	0189  B4 00				 MOV AH, 0
    317	018B  8A 00				 MOV AL, [SI + BX]
    318	018D  3C 30				 CMP AL, 030H
    319	018F  7C 3F				 JL RETURNERR_CASTARRNUM
    320	0191  3C 39				 CMP AL, 039H
    321	0193  7F 3B				 JG RETURNERR_CASTARRNUM
    322	0195  2C 30				 SUB AL, 030H
    323	0197  F7 2E 00CEr			 IMUL POSITION
    324	019B  70 33				 JO RETURNERR_CASTARRNUM
    325	019D  01 06 00C4r			 ADD ARRNUM, AX
    326	01A1  71 0E				 JNO NEXT_CASTARRNUM
    327	01A3  81 3E 00C4r 8000			 CMP ARRNUM, MIN
    328	01A9  75 25				 JNE RETURNERR_CASTARRNUM
    329	01AB  8B 04				 MOV AX, [SI]
    330	01AD  3C 2D				 CMP AL, '-'
    331	01AF  75 1F				 JNE RETURNERR_CASTARRNUM
    332	01B1					 NEXT_CASTARRNUM:
    333	01B1  4B				     DEC BX
    334	01B2  83 F9 01				     CMP CX, 1
    335	01B5  74 0E				     JE	PRERETURN_CASTARRNUM
    336	01B7  A1 00CEr				     MOV AX, POSITION
    337	01BA  F7 2E 00D0r			     IMUL NUMRADIX
    338	01BE  70 10				     JO	RETURNERR_CASTARRNUM
    339	01C0  A3 00CEr				     MOV POSITION, AX
    340	01C3  E2 C4				     LOOP PROCESS_DIGIT_CASTARRNUM
    341	01C5					     PRERETURN_CASTARRNUM:
    342	01C5  8B 04				 MOV AX, [SI]
Turbo Assembler	 Version 4.0	    01/12/21 01:59:35	    Page 7
lab4.asm



    343	01C7  3C 2D				 CMP AL, '-'
    344	01C9  75 04				 JNE RETURN_CASTARRNUM
    345	01CB  F7 1E 00C4r			 NEG ARRNUM
    346	01CF				     RETURN_CASTARRNUM:
    347	01CF  C3				 RET
    348	01D0				     RETURNERR_CASTARRNUM:
    349						 DOS21 ERRORMSG
1   350	01D0  B4 09			 MOV AH, 09H
1   351	01D2  BA 001Er			 LEA DX, ERRORMSG
1   352	01D5  CD 21			 INT 021H
    353	01D7  C6 06 00D4r 01			 MOV ISERROR, 01H
    354	01DC  C3				 RET
    355	01DD				     CASTARRNUM	ENDP
    356
    357	01DD				 CASTNUM PROC NEAR
    358	01DD  C7 06 00AEr 0000		     MOV NUM, 0
    359	01E3  C7 06 00CEr 0001		     MOV POSITION, 01H
    360	01E9  B5 00			     MOV CH, 0
    361	01EB  8A 0E 0081r		     MOV CL, NUMLEN
    362	01EF  8B D9			     MOV BX, CX
    363	01F1  4B			     DEC BX
    364	01F2  BE 0082r			     LEA SI, NUMFLD
    365	01F5  8B 04			     MOV AX, [SI]
    366	01F7  3C 2D			     CMP AL, '-'
    367	01F9  74 3D			     JE	RETURNERR
    368	01FB				     PROCESS_DIGIT:
    369	01FB  B4 00				 MOV AH, 0
    370	01FD  8A 00				 MOV AL, [SI + BX]
    371	01FF  3C 30				 CMP AL, 030H
    372	0201  7C 35				 JL RETURNERR
    373	0203  3C 39				 CMP AL, 039H
    374	0205  7F 31				 JG RETURNERR
    375	0207  2C 30				 SUB AL, 030H
    376	0209  F7 2E 00CEr			 IMUL POSITION
    377	020D  70 29				 JO RETURNERR
    378	020F  01 06 00AEr			 ADD NUM, AX
    379	0213  70 23				 JO RETURNERR
    380	0215  83 3E 00AEr 0A			 CMP NUM, 0AH
    381	021A  7F 1C				 JG RETURNERR
    382	021C					 NEXT:
    383	021C  4B				     DEC BX
    384	021D  83 F9 01				     CMP CX, 1
    385	0220  74 0E				     JE	RETURN
    386	0222  A1 00CEr				     MOV AX, POSITION
    387	0225  F7 2E 00D0r			     IMUL NUMRADIX
    388	0229  70 0D				     JO	RETURNERR
    389	022B  A3 00CEr				     MOV POSITION, AX
    390	022E  E2 CB				     LOOP PROCESS_DIGIT
    391	0230				     RETURN:
    392	0230  83 3E 00AEr 00			 CMP NUM, 0
    393	0235  7E 01				 JLE RETURNERR
    394	0237  C3				 RET
    395	0238				     RETURNERR:
    396						 DOS21 ERRORMSG
1   397	0238  B4 09			 MOV AH, 09H
1   398	023A  BA 001Er			 LEA DX, ERRORMSG
1   399	023D  CD 21			 INT 021H
Turbo Assembler	 Version 4.0	    01/12/21 01:59:35	    Page 8
lab4.asm



    400	023F  C6 06 00D4r 01			 MOV ISERROR, 01H
    401	0244  C3				 RET
    402	0245				 CASTNUM ENDP
    403
    404	0245				 FINDMAX PROC NEAR
    405	0245  8B 0E 00AEr		     MOV CX, NUM
    406	0249  C7 06 00C6r 0000		     MOV ARRAY_OFFSET, 0
    407	024F				     CHECK_MAXNUM:
    408	024F  51				 PUSH CX
    409	0250  8B 1E 00C6r			 MOV BX, ARRAY_OFFSET
    410	0254  8B 87 00B0r			 MOV AX, ARRAY + BX
    411	0258  A3 00C4r				 MOV ARRNUM, AX
    412	025B  39 06 00C8r			 CMP MAXNUM, AX
    413	025F  7D 03				 JGE FINDMAX_CONTINUE
    414	0261  A3 00C8r				 MOV MAXNUM, AX
    415	0264					 FINDMAX_CONTINUE:
    416	0264  FF 06 00C6r			     INC ARRAY_OFFSET
    417	0268  FF 06 00C6r			     INC ARRAY_OFFSET
    418	026C  59				     POP CX
    419	026D  E2 E0				     LOOP CHECK_MAXNUM
    420	026F  C3			     RET
    421	0270				 FINDMAX ENDP
    422
    423	0270				 FINDSUM PROC NEAR
    424	0270  8B 0E 00AEr		     MOV CX, NUM
    425	0274  C7 06 00C6r 0000		     MOV ARRAY_OFFSET, 0
    426	027A				     ADD_SUM:
    427	027A  51				 PUSH CX
    428	027B  8B 1E 00C6r			 MOV BX, ARRAY_OFFSET
    429	027F  8B 87 00B0r			 MOV AX, ARRAY + BX
    430	0283  3D 0000				 CMP AX, 0
    431	0286  7D 0E				 JGE ADD_ARRAYNUM
    432	0288  F7 D8				 NEG AX
    433	028A  29 06 00CCr			 SUB SUML, AX
    434	028E  83 1E 00CAr 00			 SBB SUMH, 0
    435	0293  EB 0A 90				 JMP ADD_SUM_CONTINUE
    436	0296					 ADD_ARRAYNUM:
    437	0296  01 06 00CCr			     ADD SUML, AX
    438	029A  83 16 00CAr 00			     ADC SUMH, 0
    439	029F					 ADD_SUM_CONTINUE:
    440	029F  FF 06 00C6r			     INC ARRAY_OFFSET
    441	02A3  FF 06 00C6r			     INC ARRAY_OFFSET
    442	02A7  59				     POP CX
    443	02A8  E2 D0				     LOOP ADD_SUM
    444	02AA  C3			     RET
    445	02AB				 FINDSUM ENDP
    446
    447	02AB				 SORTARRAY PROC	NEAR
    448	02AB  8B 0E 00AEr		     MOV CX, NUM
    449	02AF  C7 06 00C6r 0000		     MOV ARRAY_OFFSET, 0
    450	02B5  83 F9 01			     CMP CX, 1
    451	02B8  7E 35			     JLE RETURN_SORTARRAY
    452	02BA				     BUBBLE_SORT:
    453	02BA  51				 PUSH CX
    454	02BB  8B 0E 00AEr			 MOV CX, NUM
    455	02BF  49				 DEC CX
    456	02C0  C7 06 00C6r 0000			 MOV ARRAY_OFFSET, 0
Turbo Assembler	 Version 4.0	    01/12/21 01:59:35	    Page 9
lab4.asm



    457	02C6					 BUBBLE_SORT_INNER:
    458	02C6  8B 1E 00C6r			     MOV BX, ARRAY_OFFSET
    459	02CA  8B 87 00B0r			     MOV AX, ARRAY + BX
    460	02CE  43				     INC BX
    461	02CF  43				     INC BX
    462	02D0  8B 97 00B0r			     MOV DX, ARRAY + BX
    463	02D4  3B C2				     CMP AX, DX
    464	02D6  7E 0A				     JLE SORT_CONTINUE
    465	02D8  89 87 00B0r			     MOV ARRAY + BX, AX
    466	02DC  4B				     DEC BX
    467	02DD  4B				     DEC BX
    468	02DE  89 97 00B0r			     MOV ARRAY + BX, DX
    469	02E2					     SORT_CONTINUE:
    470	02E2  FF 06 00C6r				 INC ARRAY_OFFSET
    471	02E6  FF 06 00C6r				 INC ARRAY_OFFSET
    472	02EA  E2 DA					 LOOP BUBBLE_SORT_INNER
    473	02EC  59				 POP CX
    474	02ED  E2 CB				 LOOP BUBBLE_SORT
    475	02EF				     RETURN_SORTARRAY:
    476	02EF  C3				 RET
    477	02F0				 SORTARRAY ENDP
    478
    479	02F0				 PRINTSUM PROC NEAR
    480					     DOS21 SUMMSG ; MACRO
1   481	02F0  B4 09			 MOV AH, 09H
1   482	02F2  BA 0047r			 LEA DX, SUMMSG
1   483	02F5  CD 21			 INT 021H
    484
    485	02F7  83 3E 00CAr 00		     CMP SUMH, 0
    486	02FC  7D 16			     JGE M1
    487	02FE  B0 2D			     MOV AL, '-'
    488	0300  CD 29			     INT 29H
    489	0302  F7 16 00CAr		     NOT SUMH
    490	0306  F7 16 00CCr		     NOT SUML
    491	030A  83 06 00CCr 01		     ADD SUML, 01H
    492	030F  83 16 00CAr 00		     ADC SUMH, 0
    493	0314				     M1:
    494	0314  B9 0000				 MOV CX, 0
    495	0317  BB 000A				 MOV BX, 0AH
    496	031A  8B 16 00CAr			 MOV DX, SUMH
    497	031E  A1 00CCr				 MOV AX, SUML
    498	0321				     M2:
    499	0321  F7 FB				 IDIV BX
    500	0323  80 CA 30				 OR DL,	030H
    501	0326  52				 PUSH DX
    502	0327  41				 INC CX
    503	0328  BA 0000				 MOV DX, 0
    504	032B  85 C0				 TEST AX, AX
    505	032D  75 F2				 JNZ M2
    506	032F				     M3:
    507	032F  58				 POP AX
    508	0330  CD 29				 INT 029H
    509	0332  E2 FB				 LOOP M3
    510					     NEWLINE ; MACRO
1   511	0334  B2 0D			 MOV DL, 0DH
1   512	0336  B4 02			 MOV AH, 02H
1   513	0338  CD 21			 INT 21H
Turbo Assembler	 Version 4.0	    01/12/21 01:59:35	    Page 10
lab4.asm



1   514	033A  B2 0A			 MOV DL, 0AH
1   515	033C  B4 02			 MOV AH, 02H
1   516	033E  CD 21			 INT 21H
    517	0340  C3			     RET
    518	0341				 PRINTSUM ENDP
    519	0341			     CSEG ENDS
    520				     END BEGIN
Turbo Assembler	 Version 4.0	    01/12/21 01:59:35	    Page 11
Symbol Table




Symbol Name			  Type	 Value

??0000				  Near	 CSEG:0044
??0001				  Near	 CSEG:0050
??0002				  Near	 CSEG:005E
??0003				  Near	 CSEG:0133
??0004				  Near	 CSEG:013F
??0005				  Near	 CSEG:014D
??DATE				  Text	 "01/12/21"
??FILENAME			  Text	 "lab4	  "
??TIME				  Text	 "01:59:35"
??VERSION			  Number 0400
@CPU				  Text	 0101H
@CURSEG				  Text	 CSEG
@FILENAME			  Text	 LAB4
@WORDSIZE			  Text	 2
ADD_ARRAYNUM			  Near	 CSEG:0296
ADD_SUM				  Near	 CSEG:027A
ADD_SUM_CONTINUE		  Near	 CSEG:029F
ARRAY				  Word	 DSEG:00B0
ARRAY_OFFSET			  Word	 DSEG:00C6
ARRNUM				  Word	 DSEG:00C4
ARRNUMFLD			  Byte	 DSEG:0099
ARRNUMLEN			  Byte	 DSEG:0098
ARRNUMMAXLEN			  Byte	 DSEG:0097
ARRNUMPAR			  Byte	 DSEG:0097
BEGIN				  Far	 CSEG:0000
BUBBLE_SORT			  Near	 CSEG:02BA
BUBBLE_SORT_INNER		  Near	 CSEG:02C6
CASTARRNUM			  Near	 CSEG:016A
CASTNUM				  Near	 CSEG:01DD
CHECK_MAXNUM			  Near	 CSEG:024F
ENTERARRAYMSG			  Byte	 DSEG:0056
ERRORMSG			  Byte	 DSEG:001E
FINDMAX				  Near	 CSEG:0245
FINDMAX_CONTINUE		  Near	 CSEG:0264
FINDSUM				  Near	 CSEG:0270
INPUTARR			  Near	 CSEG:00A3
INPUTARRNUM			  Near	 CSEG:00E7
INPUTNUM			  Near	 CSEG:007C
INPUT_ARR			  Near	 CSEG:001C
INPUT_NUM			  Near	 CSEG:000A
ISERROR				  Byte	 DSEG:00D4
M1				  Near	 CSEG:0314
M2				  Near	 CSEG:0321
M3				  Near	 CSEG:032F
MAX				  Number 7FFF
MAXLEN				  Byte	 DSEG:0080
MAXNUM				  Word	 DSEG:00C8
MAXNUMMSG			  Byte	 DSEG:003A
MIN				  Number -8000
MULTIPLIER			  Word	 DSEG:00D2
NEXT				  Near	 CSEG:021C
NEXT_CASTARRNUM			  Near	 CSEG:01B1
NUM				  Word	 DSEG:00AE
NUMFLD				  Byte	 DSEG:0082
Turbo Assembler	 Version 4.0	    01/12/21 01:59:35	    Page 12
Symbol Table



NUMLEN				  Byte	 DSEG:0081
NUMPAR				  Byte	 DSEG:0080
NUMRADIX			  Word	 DSEG:00D0
POSITION			  Word	 DSEG:00CE
PRERETURN_CASTARRNUM		  Near	 CSEG:01C5
PRINTARRAY			  Near	 CSEG:00FB
PRINTARRAYMSG			  Byte	 DSEG:0071
PRINTSUM			  Near	 CSEG:02F0
PRINT_ARRNUM			  Near	 CSEG:0118
PROCESS_ARRNUM			  Near	 CSEG:00C0
PROCESS_DIGIT			  Near	 CSEG:01FB
PROCESS_DIGIT_CASTARRNUM	  Near	 CSEG:0189
PROMPT				  Byte	 DSEG:0000
RETURN				  Near	 CSEG:0230
RETURNERR			  Near	 CSEG:0238
RETURNERR_CASTARRNUM		  Near	 CSEG:01D0
RETURNERR_INPUTARR		  Near	 CSEG:00E5
RETURN_CASTARRNUM		  Near	 CSEG:01CF
RETURN_SORTARRAY		  Near	 CSEG:02EF
SORTARRAY			  Near	 CSEG:02AB
SORT_CONTINUE			  Near	 CSEG:02E2
SUMH				  Word	 DSEG:00CA
SUML				  Word	 DSEG:00CC
SUMMSG				  Byte	 DSEG:0047

Macro Name

DOS21
INIT
NEWLINE
PRINTNUM

Groups & Segments		  Bit Size Align  Combine Class

CSEG				  16  0341 Para	  none	  CODE
DSEG				  16  00D5 Para	  none	  DATA
STSEG				  16  0040 Para	  Stack	  STACK
