Turbo Assembler	 Version 4.0	    06/10/21 00:44:47	    Page 1
lab2.asm



      1	0000			     STSEG SEGMENT PARA	STACK 'Stack'
      2	0000  20*(????)			 DW 32 DUP(?)
      3	0040			     STSEG ENDS
      4
      5	0000			     DSEG SEGMENT PARA 'Data'
      6	      =000D			 CR EQU	0DH
      7	      =000A			 LF EQU	0AH
      8	      =-8000			 MIN EQU -32768
      9	      =7FFF			 MAX EQU 32767
     10
     11	0000				 NUMPAR	LABEL BYTE
     12	0000  14			 MAXLEN	DB 20
     13	0001  ??			 NUMLEN	DB ?
     14	0002  14*(20) 24		 NUMFLD	DB 20 DUP(' '),	'$'
     15
     16	0017  4E 75 6D 62 65 72	3F+	 PROMPT	DB 'Number?', '$'
     17	      24
     18	001F  45 6E 74 65 72 65	64+	 ERRORMSG DB 'Entered number was invalid.', '$'
     19	      20 6E 75 6D 62 65	72+
     20	      20 77 61 73 20 69	6E+
     21	      76 61 6C 69 64 2E	24
     22	003B  0000			 NUM DW	0
     23	003D  0000			 NUMH DW 0
     24	003F  0000			 NUML DW 0
     25	0041  0001			 POSITION DW 1
     26	0043  000A			 NUMRADIX DW 10
     27	0045  0007			 MULTIPLIER DW 7
     28	0047  00			 ISERROR DB 0
     29	0048			     DSEG ENDS
     30
     31	0000			     CSEG SEGMENT PARA 'Code'
     32	0000				 BEGIN PROC FAR
     33					     ASSUME CS:CSEG, DS:DSEG, SS:STSEG
     34	0000  1E			     PUSH DS
     35	0001  B8 0000			     MOV AX, 0
     36	0004  50			     PUSH AX
     37	0005  B8 0000s			     MOV AX, DSEG
     38	0008  8E D8			     MOV DS, AX
     39
     40	000A				     INPUT:
     41	000A  C6 06 0047r 00			 MOV ISERROR, 0
     42	000F  E8 0018				 CALL INPUTNUM
     43	0012  80 3E 0047r 00			 CMP ISERROR, 0
     44	0017  7F F1				 JG INPUT
     45	0019  E8 0030				 CALL CASTNUM
     46	001C  80 3E 0047r 00			 CMP ISERROR, 0
     47	0021  7F E7				 JG INPUT
     48	0023  E8 00D3				 CALL MULNUM
     49	0026  E8 0092				 CALL CASTRESULT
     50	0029  CB				 RET
     51	002A				 BEGIN ENDP
     52
     53	002A				 INPUTNUM PROC NEAR
     54	002A  B4 09			     MOV AH, 09
     55	002C  BA 0017r			     LEA DX, PROMPT
     56	002F  CD 21			     INT 21H
     57
Turbo Assembler	 Version 4.0	    06/10/21 00:44:47	    Page 2
lab2.asm



     58	0031  E8 000B			     CALL NEWLINE
     59
     60	0034  B4 0A			     MOV AH, 0AH
     61	0036  BA 0000r			     LEA DX, NUMPAR
     62	0039  CD 21			     INT 021H
     63
     64	003B  E8 0001			     CALL NEWLINE
     65	003E  C3			     RET
     66	003F				 INPUTNUM ENDP
     67
     68	003F				 NEWLINE PROC NEAR
     69	003F  B2 0D			     MOV DL, CR
     70	0041  B4 02			     MOV AH, 02h
     71	0043  CD 21			     INT 21H
     72	0045  B2 0A			     MOV DL, LF
     73	0047  B4 02			     MOV AH, 02h
     74	0049  CD 21			     INT 21H
     75	004B  C3			     RET
     76	004C				 NEWLINE ENDP
     77
     78	004C				 CASTNUM PROC NEAR
     79	004C  C7 06 003Br 0000		     MOV NUM, 0
     80	0052  C7 06 0041r 0001		     MOV POSITION, 1
     81	0058  B5 00			     MOV CH, 0
     82	005A  8A 0E 0001r		     MOV CL, NUMLEN
     83	005E  8B D9			     MOV BX, CX
     84	0060  4B			     DEC BX
     85	0061  BE 0002r			     LEA SI, NUMFLD
     86	0064  8B 04			     MOV AX, [SI]
     87	0066  3C 2D			     CMP AL, '-'
     88	0068  75 01			     JNE PROCESS_DIGIT
     89	006A  49			     DEC CX
     90	006B				     PROCESS_DIGIT:
     91	006B  B4 00				 MOV AH, 0
     92	006D  8A 00				 MOV AL, [SI + BX]
     93	006F  3C 30				 CMP AL, 030H
     94	0071  7C 3F				 JL RETURNERR
     95	0073  3C 39				 CMP AL, 039H
     96	0075  7F 3B				 JG RETURNERR
     97	0077  2C 30				 SUB AL, 030H
     98	0079  F7 2E 0041r			 IMUL POSITION
     99	007D  70 33				 JO RETURNERR
    100	007F  01 06 003Br			 ADD NUM, AX
    101	0083  71 0E				 JNO NEXT
    102	0085  81 3E 003Br 8000			 CMP NUM, MIN
    103	008B  75 25				 JNE RETURNERR
    104	008D  8B 04				 MOV AX, [SI]
    105	008F  3C 2D				 CMP AL, '-'
    106	0091  75 1F				 JNE RETURNERR
    107	0093					 NEXT:
    108	0093  4B				     DEC BX
    109	0094  83 F9 01				     CMP CX, 1
    110	0097  74 0E				     JE	PRERETURN
    111	0099  A1 0041r				     MOV AX, POSITION
    112	009C  F7 2E 0043r			     IMUL NUMRADIX
    113	00A0  70 10				     JO	RETURNERR
    114	00A2  A3 0041r				     MOV POSITION, AX
Turbo Assembler	 Version 4.0	    06/10/21 00:44:47	    Page 3
lab2.asm



    115	00A5  E2 C4				     LOOP PROCESS_DIGIT
    116	00A7				     PRERETURN:
    117	00A7  8B 04				 MOV AX, [SI]
    118	00A9  3C 2D				 CMP AL, '-'
    119	00AB  75 04				 JNE RETURN
    120	00AD  F7 1E 003Br			 NEG NUM
    121	00B1				     RETURN:
    122	00B1  C3				 RET
    123	00B2				     RETURNERR:
    124	00B2  E8 0053				 CALL PRINTERR
    125	00B5  C6 06 0047r 01			 MOV ISERROR, 1
    126	00BA  C3				 RET
    127	00BB				 CASTNUM ENDP
    128
    129	00BB				 CASTRESULT PROC NEAR
    130	00BB  83 3E 003Dr 00		     CMP NUMH, 0
    131	00C0  7D 16			     JGE M1
    132	00C2  B0 2D			     MOV AL, '-'
    133	00C4  CD 29			     INT 29H
    134	00C6  F7 16 003Dr		     NOT NUMH
    135	00CA  F7 16 003Fr		     NOT NUML
    136	00CE  83 06 003Fr 01		     ADD NUML, 1
    137	00D3  83 16 003Dr 00		     ADC NUMH, 0
    138	00D8				     M1:
    139	00D8  B9 0000				 MOV CX, 0
    140	00DB  BB 000A				 MOV BX, 0AH
    141	00DE  8B 16 003Dr			 MOV DX, NUMH
    142	00E2  A1 003Fr				 MOV AX, NUML
    143	00E5				     M2:
    144	00E5  F7 FB				 IDIV BX
    145	00E7  80 CA 30				 OR DL,	030H
    146	00EA  52				 PUSH DX
    147	00EB  41				 INC CX
    148	00EC  BA 0000				 MOV DX, 0
    149	00EF  85 C0				 TEST AX, AX
    150	00F1  75 F2				 JNZ M2
    151	00F3				     M3:
    152	00F3  58				 POP AX
    153	00F4  CD 29				 INT 029H
    154	00F6  E2 FB				 LOOP M3
    155	00F8  C3			     RET
    156	00F9				 CASTRESULT ENDP
    157
    158	00F9				 MULNUM	PROC NEAR
    159	00F9  A1 003Br			     MOV AX, NUM
    160	00FC  F7 2E 0045r		     IMUL MULTIPLIER
    161	0100  89 16 003Dr		     MOV NUMH, DX
    162	0104  A3 003Fr			     MOV NUML, AX
    163	0107  C3			     RET
    164	0108				 MULNUM	ENDP
    165
    166	0108				 PRINTERR PROC NEAR
    167	0108  B4 09			     MOV AH, 09H
    168	010A  BA 001Fr			     LEA DX, ERRORMSG
    169	010D  CD 21			     INT 021H
    170	010F  E8 FF2D			     CALL NEWLINE
    171	0112  C3			     RET
Turbo Assembler	 Version 4.0	    06/10/21 00:44:47	    Page 4
lab2.asm



    172	0113				 PRINTERR ENDP
    173	0113			     CSEG ENDS
    174				     END BEGIN
Turbo Assembler	 Version 4.0	    06/10/21 00:44:47	    Page 5
Symbol Table




Symbol Name			  Type	 Value

??DATE				  Text	 "06/10/21"
??FILENAME			  Text	 "lab2	  "
??TIME				  Text	 "00:44:47"
??VERSION			  Number 0400
@CPU				  Text	 0101H
@CURSEG				  Text	 CSEG
@FILENAME			  Text	 LAB2
@WORDSIZE			  Text	 2
BEGIN				  Far	 CSEG:0000
CASTNUM				  Near	 CSEG:004C
CASTRESULT			  Near	 CSEG:00BB
CR				  Number 000D
ERRORMSG			  Byte	 DSEG:001F
INPUT				  Near	 CSEG:000A
INPUTNUM			  Near	 CSEG:002A
ISERROR				  Byte	 DSEG:0047
LF				  Number 000A
M1				  Near	 CSEG:00D8
M2				  Near	 CSEG:00E5
M3				  Near	 CSEG:00F3
MAX				  Number 7FFF
MAXLEN				  Byte	 DSEG:0000
MIN				  Number -8000
MULNUM				  Near	 CSEG:00F9
MULTIPLIER			  Word	 DSEG:0045
NEWLINE				  Near	 CSEG:003F
NEXT				  Near	 CSEG:0093
NUM				  Word	 DSEG:003B
NUMFLD				  Byte	 DSEG:0002
NUMH				  Word	 DSEG:003D
NUML				  Word	 DSEG:003F
NUMLEN				  Byte	 DSEG:0001
NUMPAR				  Byte	 DSEG:0000
NUMRADIX			  Word	 DSEG:0043
POSITION			  Word	 DSEG:0041
PRERETURN			  Near	 CSEG:00A7
PRINTERR			  Near	 CSEG:0108
PROCESS_DIGIT			  Near	 CSEG:006B
PROMPT				  Byte	 DSEG:0017
RETURN				  Near	 CSEG:00B1
RETURNERR			  Near	 CSEG:00B2

Groups & Segments		  Bit Size Align  Combine Class

CSEG				  16  0113 Para	  none	  CODE
DSEG				  16  0048 Para	  none	  DATA
STSEG				  16  0040 Para	  Stack	  STACK
